<html>
<body>
<pre>
<h1>µVision Build Log</h1>
<h2>Tool Versions:</h2>
IDE-Version: µVision V5.28.0.0
Copyright (C) 2019 ARM Ltd and ARM Germany GmbH. All rights reserved.
License Information: c c KMITL Flex license: MDK Professional 5.28 (Flex) (mdk_pro) Borrow: 26 Dec 2019
 
Tool Versions:
Toolchain:       MDK Professional 5.28 (Flex)  Version: 5.28.0.0
Toolchain Path:  C:\Keil_v5\ARM\ARMCC\Bin
C Compiler:      Armcc.exe V5.06 update 6 (build 750)
Assembler:       Armasm.exe V5.06 update 6 (build 750)
Linker/Locator:  ArmLink.exe V5.06 update 6 (build 750)
Library Manager: ArmAr.exe V5.06 update 6 (build 750)
Hex Converter:   FromElf.exe V5.06 update 6 (build 750)
CPU DLL:         SARMCM3.DLL V5.28.0.0
Dialog DLL:      DCM.DLL V1.17.3.0
Target DLL:      STLink\ST-LINKIII-KEIL_SWO.dll V3.0.6.0
Dialog DLL:      TCM.DLL V1.36.2.0
 
<h2>Project:</h2>
C:\Users\Asus\Desktop\TidTid02\MDK-ARM\TidTid02.uvprojx
Project File Date:  11/25/2019

<h2>Output:</h2>
*** Using Compiler 'V5.06 update 6 (build 750)', folder: 'C:\Keil_v5\ARM\ARMCC\Bin'
*** Warning: You are compiling one or more files of source type C++ and have selected 'use MicroLIB'. MicroLIB does not support C++!
  
Build target 'TidTid02'
compiling stm32f7xx_hal_timebase_tim.c...
compiling STM32F7DMA.cpp...
compiling bsp_driver_sd.c...
compiling fatfs_platform.c...
compiling stm32f7xx_it.c...
compiling BoardConfiguration.cpp...
../middlewares/st/touchgfx/touchgfx/framework/include/touchgfx/containers/buttons/RepeatButtonTrigger.hpp(108): warning:  #1300-D: handleClickEvent inherits implicit virtual
      void handleClickEvent(const touchgfx::ClickEvent& event)
../middlewares/st/touchgfx/touchgfx/framework/include/touchgfx/containers/buttons/RepeatButtonTrigger.hpp(139): warning:  #1300-D: handleTickEvent inherits implicit virtual
      void handleTickEvent()
../TouchGFX/gui/include/gui/calendar_screen/calendarPresenter.hpp(29): warning:  #1300-D: updateCalendar inherits implicit virtual
  		void updateCalendar();
../TouchGFX/gui/include/gui/count_up_screen/count_upPresenter.hpp(30): warning:  #1300-D: updateCountUp inherits implicit virtual
  		void updateCountUp();
../TouchGFX/gui/include/gui/alarm_screen/alarmPresenter.hpp(31): warning:  #1300-D: updateAlaram inherits implicit virtual
  		void updateAlaram();
../TouchGFX/target/BoardConfiguration.cpp: 5 warnings, 0 errors
compiling stm32f7xx_hal_msp.c...
compiling freertos.c...
compiling sd_diskio.c...
compiling fatfs.c...
compiling main.cpp...
compiling STM32F7HAL.cpp...
compiling STM32F7TouchController.cpp...
compiling STM32F7Instrumentation.cpp...
compiling stm32f7xx_hal_sdram.c...
compiling stm32f7xx_hal_dsi.c...
compiling stm32f7xx_ll_fmc.c...
compiling HW_Init.cpp...
compiling stm32f7xx_hal_dma2d.c...
compiling stm32f7xx_hal_ltdc_ex.c...
compiling stm32f7xx_hal_ltdc.c...
compiling stm32f7xx_hal_tim.c...
compiling stm32f7xx_hal_tim_ex.c...
compiling stm32f7xx_hal_dcmi_ex.c...
compiling stm32f7xx_hal_cortex.c...
compiling stm32f7xx_hal_crc.c...
compiling stm32f7xx_hal_crc_ex.c...
compiling stm32f7xx_hal_i2c_ex.c...
compiling stm32f7xx_hal_rtc_ex.c...
compiling stm32f7xx_hal_dcmi.c...
compiling stm32f7xx_hal_qspi.c...
compiling stm32f7xx_hal_rtc.c...
compiling stm32f7xx_hal_i2c.c...
compiling stm32f7xx_hal_sai.c...
compiling stm32f7xx_hal_sd.c...
compiling stm32f7xx_hal_uart_ex.c...
compiling stm32f7xx_hal_uart.c...
compiling stm32f7xx_hal_spdifrx.c...
compiling stm32f7xx_ll_sdmmc.c...
compiling stm32f7xx_hal_rcc.c...
compiling stm32f7xx_hal_sai_ex.c...
compiling stm32f7xx_hal_flash.c...
compiling stm32f7xx_hal_flash_ex.c...
compiling stm32f7xx_hal_rcc_ex.c...
compiling stm32f7xx_hal_gpio.c...
compiling stm32f7xx_hal_dma.c...
compiling croutine.c...
compiling event_groups.c...
compiling system_stm32f7xx.c...
compiling list.c...
compiling queue.c...
compiling stream_buffer.c...
compiling timers.c...
compiling stm32f7xx_hal_pwr.c...
compiling stm32f7xx_hal_pwr_ex.c...
compiling tasks.c...
compiling stm32f7xx_hal.c...
compiling stm32f7xx_hal_exti.c...
compiling heap_4.c...
compiling OSWrappers.cpp...
compiling port.c...
compiling Model.cpp...
compiling cmsis_os.c...
compiling count_upPresenter.cpp...
../TouchGFX/gui/include/gui/count_up_screen/count_upPresenter.hpp(30): warning:  #1300-D: updateCountUp inherits implicit virtual
  		void updateCountUp();
../middlewares/st/touchgfx/touchgfx/framework/include/touchgfx/containers/buttons/RepeatButtonTrigger.hpp(108): warning:  #1300-D: handleClickEvent inherits implicit virtual
      void handleClickEvent(const touchgfx::ClickEvent& event)
../middlewares/st/touchgfx/touchgfx/framework/include/touchgfx/containers/buttons/RepeatButtonTrigger.hpp(139): warning:  #1300-D: handleTickEvent inherits implicit virtual
      void handleTickEvent()
../touchgfx/gui/src/count_up_screen/count_uppresenter.cpp: 3 warnings, 0 errors
compiling ApplicationFontProvider.cpp...
compiling alarmmmmmViewBase.cpp...
compiling stm32f7xx_hal_dma_ex.c...
compiling count_upView.cpp...
../TouchGFX/gui/include/gui/count_up_screen/count_upPresenter.hpp(30): warning:  #1300-D: updateCountUp inherits implicit virtual
  		void updateCountUp();
../middlewares/st/touchgfx/touchgfx/framework/include/touchgfx/containers/buttons/RepeatButtonTrigger.hpp(108): warning:  #1300-D: handleClickEvent inherits implicit virtual
      void handleClickEvent(const touchgfx::ClickEvent& event)
../middlewares/st/touchgfx/touchgfx/framework/include/touchgfx/containers/buttons/RepeatButtonTrigger.hpp(139): warning:  #1300-D: handleTickEvent inherits implicit virtual
      void handleTickEvent()
../touchgfx/gui/src/count_up_screen/count_upview.cpp(85): warning:  #1-D: last line of file ends without a newline
  }
../touchgfx/gui/src/count_up_screen/count_upview.cpp: 4 warnings, 0 errors
compiling alarmViewBase.cpp...
../TouchGFX/gui/include/gui/alarm_screen/alarmPresenter.hpp(31): warning:  #1300-D: updateAlaram inherits implicit virtual
  		void updateAlaram();
../middlewares/st/touchgfx/touchgfx/framework/include/touchgfx/containers/buttons/RepeatButtonTrigger.hpp(108): warning:  #1300-D: handleClickEvent inherits implicit virtual
      void handleClickEvent(const touchgfx::ClickEvent& event)
../middlewares/st/touchgfx/touchgfx/framework/include/touchgfx/containers/buttons/RepeatButtonTrigger.hpp(139): warning:  #1300-D: handleTickEvent inherits implicit virtual
      void handleTickEvent()
../touchgfx/generated/gui_generated/src/alarm_screen/alarmviewbase.cpp: 3 warnings, 0 errors
compiling Screen1ViewBase.cpp...
compiling count_downViewBase.cpp...
../middlewares/st/touchgfx/touchgfx/framework/include/touchgfx/containers/buttons/RepeatButtonTrigger.hpp(108): warning:  #1300-D: handleClickEvent inherits implicit virtual
      void handleClickEvent(const touchgfx::ClickEvent& event)
../middlewares/st/touchgfx/touchgfx/framework/include/touchgfx/containers/buttons/RepeatButtonTrigger.hpp(139): warning:  #1300-D: handleTickEvent inherits implicit virtual
      void handleTickEvent()
../touchgfx/generated/gui_generated/src/count_down_screen/count_downviewbase.cpp: 2 warnings, 0 errors
compiling count_upViewBase.cpp...
../TouchGFX/gui/include/gui/count_up_screen/count_upPresenter.hpp(30): warning:  #1300-D: updateCountUp inherits implicit virtual
  		void updateCountUp();
../middlewares/st/touchgfx/touchgfx/framework/include/touchgfx/containers/buttons/RepeatButtonTrigger.hpp(108): warning:  #1300-D: handleClickEvent inherits implicit virtual
      void handleClickEvent(const touchgfx::ClickEvent& event)
../middlewares/st/touchgfx/touchgfx/framework/include/touchgfx/containers/buttons/RepeatButtonTrigger.hpp(139): warning:  #1300-D: handleTickEvent inherits implicit virtual
      void handleTickEvent()
../touchgfx/generated/gui_generated/src/count_up_screen/count_upviewbase.cpp: 3 warnings, 0 errors
compiling mainViewBase.cpp...
../middlewares/st/touchgfx/touchgfx/framework/include/touchgfx/containers/buttons/RepeatButtonTrigger.hpp(108): warning:  #1300-D: handleClickEvent inherits implicit virtual
      void handleClickEvent(const touchgfx::ClickEvent& event)
../middlewares/st/touchgfx/touchgfx/framework/include/touchgfx/containers/buttons/RepeatButtonTrigger.hpp(139): warning:  #1300-D: handleTickEvent inherits implicit virtual
      void handleTickEvent()
../touchgfx/generated/gui_generated/src/main_screen/mainviewbase.cpp: 2 warnings, 0 errors
compiling Texts.cpp...
compiling TypedTextDatabase.cpp...
compiling FrontendApplicationBase.cpp...
../middlewares/st/touchgfx/touchgfx/framework/include/touchgfx/containers/buttons/RepeatButtonTrigger.hpp(108): warning:  #1300-D: handleClickEvent inherits implicit virtual
      void handleClickEvent(const touchgfx::ClickEvent& event)
../middlewares/st/touchgfx/touchgfx/framework/include/touchgfx/containers/buttons/RepeatButtonTrigger.hpp(139): warning:  #1300-D: handleTickEvent inherits implicit virtual
      void handleTickEvent()
../TouchGFX/gui/include/gui/calendar_screen/calendarPresenter.hpp(29): warning:  #1300-D: updateCalendar inherits implicit virtual
  		void updateCalendar();
../TouchGFX/gui/include/gui/count_up_screen/count_upPresenter.hpp(30): warning:  #1300-D: updateCountUp inherits implicit virtual
  		void updateCountUp();
../TouchGFX/gui/include/gui/alarm_screen/alarmPresenter.hpp(31): warning:  #1300-D: updateAlaram inherits implicit virtual
  		void updateAlaram();
../touchgfx/generated/gui_generated/src/common/frontendapplicationbase.cpp: 5 warnings, 0 errors
compiling Screen2ViewBase.cpp...
compiling calendarViewBase.cpp...
../TouchGFX/gui/include/gui/calendar_screen/calendarPresenter.hpp(29): warning:  #1300-D: updateCalendar inherits implicit virtual
  		void updateCalendar();
../middlewares/st/touchgfx/touchgfx/framework/include/touchgfx/containers/buttons/RepeatButtonTrigger.hpp(108): warning:  #1300-D: handleClickEvent inherits implicit virtual
      void handleClickEvent(const touchgfx::ClickEvent& event)
../middlewares/st/touchgfx/touchgfx/framework/include/touchgfx/containers/buttons/RepeatButtonTrigger.hpp(139): warning:  #1300-D: handleTickEvent inherits implicit virtual
      void handleTickEvent()
../touchgfx/generated/gui_generated/src/calendar_screen/calendarviewbase.cpp: 3 warnings, 0 errors
compiling diskio.c...
compiling ff_gen_drv.c...
compiling ff.c...
compiling syscall.c...
compiling stm32746g_discovery_qspi.c...
compiling stm32746g_discovery_ts.c...
compiling stm32746g_discovery.c...
linking...
Program Size: Code=92756 RO-data=591440 RW-data=556 ZI-data=51252  
FromELF: creating hex file...
"TidTid02\TidTid02.axf" - 0 Error(s), 30 Warning(s).

<h2>Software Packages used:</h2>

Package Vendor: ARM
                http://www.keil.com/pack/ARM.CMSIS.5.6.0.pack
                ARM.CMSIS.5.6.0
                CMSIS (Cortex Microcontroller Software Interface Standard)
   * Component: CORE Version: 5.3.0

Package Vendor: Keil
                https://www.keil.com/pack/Keil.STM32F7xx_DFP.2.12.0.pack
                Keil.STM32F7xx_DFP.2.12.0
                STMicroelectronics STM32F7 Series Device Support, Drivers and Examples

<h2>Collection of Component include folders:</h2>
  .\RTE\_TidTid02
  C:\Users\Asus\AppData\Local\Arm\Packs\ARM\CMSIS\5.6.0\CMSIS\Core\Include
  C:\Users\Asus\AppData\Local\Arm\Packs\Keil\STM32F7xx_DFP\2.12.0\Drivers\CMSIS\Device\ST\STM32F7xx\Include

<h2>Collection of Component Files used:</h2>

   * Component: ARM::CMSIS:CORE:5.3.0
Build Time Elapsed:  00:03:40
</pre>
</body>
</html>
