<html>
<body>
<pre>
<h1>µVision Build Log</h1>
<h2>Tool Versions:</h2>
IDE-Version: µVision V5.28.0.0
Copyright (C) 2019 ARM Ltd and ARM Germany GmbH. All rights reserved.
License Information: c c KMITL Flex license: MDK Professional 5.28 (Flex) (mdk_pro) Borrow: 26 Dec 2019
 
Tool Versions:
Toolchain:       MDK Professional 5.28 (Flex)  Version: 5.28.0.0
Toolchain Path:  C:\Keil_v5\ARM\ARMCC\Bin
C Compiler:      Armcc.exe V5.06 update 6 (build 750)
Assembler:       Armasm.exe V5.06 update 6 (build 750)
Linker/Locator:  ArmLink.exe V5.06 update 6 (build 750)
Library Manager: ArmAr.exe V5.06 update 6 (build 750)
Hex Converter:   FromElf.exe V5.06 update 6 (build 750)
CPU DLL:         SARMCM3.DLL V5.28.0.0
Dialog DLL:      DCM.DLL V1.17.3.0
Target DLL:      STLink\ST-LINKIII-KEIL_SWO.dll V3.0.6.0
Dialog DLL:      TCM.DLL V1.36.2.0
 
<h2>Project:</h2>
C:\Users\Asus\Desktop\TidTid02\MDK-ARM\TidTid02.uvprojx
Project File Date:  11/23/2019

<h2>Output:</h2>
*** Using Compiler 'V5.06 update 6 (build 750)', folder: 'C:\Keil_v5\ARM\ARMCC\Bin'
*** Warning: You are compiling one or more files of source type C++ and have selected 'use MicroLIB'. MicroLIB does not support C++!
  
Build target 'TidTid02'
assembling startup_stm32f746xx.s...
compiling GPIO.cpp...
compiling bsp_driver_sd.c...
compiling fatfs_platform.c...
compiling stm32f7xx_hal_timebase_tim.c...
compiling STM32F7DMA.cpp...
compiling BoardConfiguration.cpp...
compiling sd_diskio.c...
compiling freertos.c...
compiling stm32f7xx_hal_msp.c...
compiling stm32f7xx_it.c...
compiling main.cpp...
compiling fatfs.c...
compiling STM32F7HAL.cpp...
compiling HW_Init.cpp...
compiling stm32f7xx_hal_ltdc.c...
compiling stm32f7xx_hal_ltdc_ex.c...
compiling STM32F7Instrumentation.cpp...
compiling stm32f7xx_hal_dsi.c...
compiling stm32f7xx_ll_fmc.c...
compiling stm32f7xx_hal_sdram.c...
compiling stm32f7xx_hal_dma2d.c...
compiling stm32f7xx_hal_tim.c...
compiling STM32F7TouchController.cpp...
compiling stm32f7xx_hal_tim_ex.c...
compiling stm32f7xx_hal_rtc_ex.c...
compiling stm32f7xx_hal_i2c.c...
compiling stm32f7xx_hal_sai.c...
compiling stm32f7xx_hal_rtc.c...
compiling stm32f7xx_hal_crc.c...
compiling stm32f7xx_hal_cortex.c...
compiling stm32f7xx_hal_i2c_ex.c...
compiling stm32f7xx_hal_dcmi_ex.c...
compiling stm32f7xx_hal_dcmi.c...
compiling stm32f7xx_hal_crc_ex.c...
compiling stm32f7xx_hal_qspi.c...
compiling stm32f7xx_hal_sai_ex.c...
compiling stm32f7xx_ll_sdmmc.c...
compiling stm32f7xx_hal_uart_ex.c...
compiling stm32f7xx_hal_flash.c...
compiling stm32f7xx_hal_uart.c...
compiling stm32f7xx_hal_spi_ex.c...
compiling stm32f7xx_hal_rcc.c...
compiling stm32f7xx_hal_spdifrx.c...
compiling stm32f7xx_hal_spi.c...
compiling stm32f7xx_hal_sd.c...
compiling stm32f7xx_hal_gpio.c...
compiling stm32f7xx_hal_rcc_ex.c...
compiling stm32f7xx_hal_flash_ex.c...
compiling stm32f7xx_hal.c...
compiling croutine.c...
compiling event_groups.c...
compiling list.c...
compiling queue.c...
compiling stream_buffer.c...
compiling tasks.c...
compiling timers.c...
compiling stm32f7xx_hal_dma_ex.c...
compiling heap_4.c...
compiling stm32f7xx_hal_pwr_ex.c...
compiling cmsis_os.c...
compiling diskio.c...
compiling stm32f7xx_hal_pwr.c...
compiling port.c...
compiling OSWrappers.cpp...
compiling stm32f7xx_hal_dma.c...
compiling FrontendApplication.cpp...
compiling Model.cpp...
compiling Screen1View.cpp...
compiling BitmapDatabase.cpp...
compiling ApplicationFontProvider.cpp...
compiling Screen1Presenter.cpp...
compiling Screen2Presenter.cpp...
compiling Screen2View.cpp...
compiling blue_buttons_round_icon_button_pressed.cpp...
compiling blue_buttons_round_icon_button.cpp...
compiling Font_verdana_10_4bpp.cpp...
compiling Font_verdana_20_4bpp.cpp...
compiling blue_buttons_square_icon_button.cpp...
compiling blue_buttons_square_icon_button_pressed.cpp...
compiling Font_verdana_40_4bpp.cpp...
compiling Kerning_verdana_20_4bpp.cpp...
compiling Kerning_verdana_10_4bpp.cpp...
compiling FontGetters.cpp...
compiling Kerning_verdana_40_4bpp.cpp...
compiling Table_verdana_20_4bpp.cpp...
compiling Table_verdana_10_4bpp.cpp...
compiling Table_verdana_40_4bpp.cpp...
compiling Screen1ViewBase.cpp...
compiling Screen2ViewBase.cpp...
compiling FrontendApplicationBase.cpp...
compiling TypedTextDatabase.cpp...
compiling ft5336.c...
compiling Texts.cpp...
compiling syscall.c...
compiling system_stm32f7xx.c...
compiling stm32f7xx_hal_exti.c...
compiling ff_gen_drv.c...
compiling ff.c...
compiling stm32746g_discovery_ts.c...
compiling stm32746g_discovery_qspi.c...
compiling stm32746g_discovery.c...
linking...
Program Size: Code=53792 RO-data=61176 RW-data=376 ZI-data=40840  
FromELF: creating hex file...
"TidTid02\TidTid02.axf" - 0 Error(s), 0 Warning(s).

<h2>Software Packages used:</h2>

Package Vendor: ARM
                http://www.keil.com/pack/ARM.CMSIS.5.6.0.pack
                ARM.CMSIS.5.6.0
                CMSIS (Cortex Microcontroller Software Interface Standard)
   * Component: CORE Version: 5.3.0

Package Vendor: Keil
                https://www.keil.com/pack/Keil.STM32F7xx_DFP.2.12.0.pack
                Keil.STM32F7xx_DFP.2.12.0
                STMicroelectronics STM32F7 Series Device Support, Drivers and Examples

<h2>Collection of Component include folders:</h2>
  .\RTE\_TidTid02
  C:\Users\Asus\AppData\Local\Arm\Packs\ARM\CMSIS\5.6.0\CMSIS\Core\Include
  C:\Users\Asus\AppData\Local\Arm\Packs\Keil\STM32F7xx_DFP\2.12.0\Drivers\CMSIS\Device\ST\STM32F7xx\Include

<h2>Collection of Component Files used:</h2>

   * Component: ARM::CMSIS:CORE:5.3.0
Build Time Elapsed:  00:01:39
</pre>
</body>
</html>
